[INFO] Scanning for projects...
[INFO] 
[INFO] --------------------------< org.example:VMS >---------------------------
[INFO] Building VMS 1.0-SNAPSHOT
[INFO]   from pom.xml
[INFO] --------------------------------[ jar ]---------------------------------
[INFO] 
[INFO] --- dependency:3.7.0:properties (getClasspathFilenames) @ VMS ---
[INFO] 
[INFO] --- resources:3.4.0:resources (default-resources) @ VMS ---
[INFO] skip non existing resourceDirectory E:\C\VMS\src\main\resources
[INFO] 
[INFO] --- compiler:3.15.0:compile (default-compile) @ VMS ---
[INFO] Nothing to compile - all classes are up to date.
[INFO] 
[INFO] --- resources:3.4.0:testResources (default-testResources) @ VMS ---
[INFO] Copying 1 resource from src\test\resources to target\test-classes
[INFO] 
[INFO] --- compiler:3.15.0:testCompile (default-testCompile) @ VMS ---
[INFO] Nothing to compile - all classes are up to date.
[INFO] 
[INFO] --- surefire:3.6.0-M1:test (default-test) @ VMS ---
[INFO] Using auto detected provider org.apache.maven.surefire.junitplatform.JUnitPlatformProvider
[INFO] TestNG is present. Adding per default org.junit.support:testng-engine:1.1.0
[INFO] 
[INFO] -------------------------------------------------------
[INFO]  T E S T S
[INFO] -------------------------------------------------------
mvn : WARNING: A terminally deprecated method in sun.misc.Unsafe has been called
At line:1 char:317
+ ... "E:\C\VMS"; mvn test "-Dtest=VMS.auth.SuccessLoginTest,VMS.auth.Inval ...
+                 ~~~~~~~~~~~~~~~~~~~~~~~~~~~~~~~~~~~~~~~~~~~~~~~~~~~~~~~~~
    + CategoryInfo          : NotSpecified: (WARNING: A term...has been called:String) [], RemoteException
    + FullyQualifiedErrorId : NativeCommandError
 
WARNING: sun.misc.Unsafe::objectFieldOffset has been called by org.aspectj.weaver.loadtime.ClassLoaderWeavingAdaptor 
(file:/C:/Users/11/.m2/repository/org/aspectj/aspectjweaver/1.9.25.1/aspectjweaver-1.9.25.1.jar)
WARNING: Please consider reporting this to the maintainers of class 
org.aspectj.weaver.loadtime.ClassLoaderWeavingAdaptor
WARNING: sun.misc.Unsafe::objectFieldOffset will be removed in a future release
SLF4J(W): No SLF4J providers were found.
SLF4J(W): Defaulting to no-operation (NOP) logger implementation
SLF4J(W): See https://www.slf4j.org/codes.html#noProviders for further details.
[INFO] Running VMS.auth.InvalidLoginTest
Sep 17, 2026 5:31:49 PM org.openqa.selenium.devtools.CdpVersionFinder findNearestMatch
WARNING: Unable to find CDP implementation matching 153
Sep 17, 2026 5:31:49 PM org.openqa.selenium.chromium.ChromiumDriver lambda$new$3
WARNING: Unable to find version of CDP to use for 153.0.4234.32. You may need to include a dependency on a specific 
version of the CDP using something similar to `org.seleniumhq.selenium:selenium-devtools-v86:4.43.0` where the version 
("v86") matches the version of the chromium-based browser you're using and the version number of the artifact is the 
same as Selenium's.
[ERROR] Tests run: 1, Failures: 1, Errors: 0, Skipped: 0, Time elapsed: 29.89 s <<< FAILURE! -- in VMS.auth.InvalidLoginTest
[ERROR] VMS.auth.InvalidLoginTest.invalidPasswordShowsError -- Time elapsed: 29.88 s <<< FAILURE!
java.lang.AssertionError: An error message should be shown to the user after an invalid login attempt expected [true] but found [false]
	at org.testng.Assert.fail(Assert.java:111)
	at org.testng.Assert.failNotEquals(Assert.java:1590)
	at org.testng.Assert.assertTrue(Assert.java:57)
	at VMS.auth.InvalidLoginTest.invalidPasswordShowsError(InvalidLoginTest.java:34)
	at java.base/java.lang.reflect.Method.invoke(Method.java:565)
	at org.testng.internal.invokers.MethodInvocationHelper.invokeMethod(MethodInvocationHelper.java:141)
	at org.testng.internal.invokers.MethodInvocationHelper$1.runTestMethod(MethodInvocationHelper.java:260)
	at base.BaseTest.run(BaseTest.java:32)
	at org.testng.internal.invokers.MethodInvocationHelper.invokeHookable(MethodInvocationHelper.java:274)
	at org.testng.internal.invokers.TestInvoker.invokeMethod(TestInvoker.java:689)
	at org.testng.internal.invokers.TestInvoker.invokeTestMethod(TestInvoker.java:230)
	at org.testng.internal.invokers.MethodRunner.runInSequence(MethodRunner.java:63)
	at org.testng.internal.invokers.TestInvoker$MethodInvocationAgent.invoke(TestInvoker.java:1005)
	at org.testng.internal.invokers.TestInvoker.invokeTestMethods(TestInvoker.java:203)
	at org.testng.internal.invokers.TestMethodWorker.invokeTestMethods(TestMethodWorker.java:154)
	at org.testng.internal.invokers.TestMethodWorker.run(TestMethodWorker.java:134)
	at java.base/java.util.concurrent.Executors$RunnableAdapter.call(Executors.java:545)
	at java.base/java.util.concurrent.FutureTask.run(FutureTask.java:328)
	at org.testng.internal.thread.graph.TestNGFutureTask.run(TestNGFutureTask.java:22)
	at java.base/java.util.concurrent.ThreadPoolExecutor.runWorker(ThreadPoolExecutor.java:1090)
	at java.base/java.util.concurrent.ThreadPoolExecutor$Worker.run(ThreadPoolExecutor.java:614)
	at java.base/java.lang.Thread.run(Thread.java:1474)

[INFO] Running VMS.auth.SuccessLoginTest
Sep 17, 2026 5:32:17 PM org.openqa.selenium.devtools.CdpVersionFinder findNearestMatch
WARNING: Unable to find CDP implementation matching 153
Sep 17, 2026 5:32:17 PM org.openqa.selenium.chromium.ChromiumDriver lambda$new$3
WARNING: Unable to find version of CDP to use for 153.0.4234.32. You may need to include a dependency on a specific 
version of the CDP using something similar to `org.seleniumhq.selenium:selenium-devtools-v86:4.43.0` where the version 
("v86") matches the version of the chromium-based browser you're using and the version number of the artifact is the 
same as Selenium's.
[INFO] Tests run: 1, Failures: 0, Errors: 0, Skipped: 0, Time elapsed: 18.66 s -- in VMS.auth.SuccessLoginTest
[INFO] 
[INFO] Results:
[INFO] 
[ERROR] Failures: 
[ERROR]   InvalidLoginTest>BaseTest.run:32->invalidPasswordShowsError:34 An error message should be shown to the user after an invalid login attempt expected [true] but found [false]
[INFO] 
[ERROR] Tests run: 2, Failures: 1, Errors: 0, Skipped: 0
[INFO] 
[INFO] ------------------------------------------------------------------------
[INFO] BUILD FAILURE
[INFO] ------------------------------------------------------------------------
[INFO] Total time:  51.720 s
[INFO] Finished at: 2026-09-17T17:32:35+03:00
[INFO] ------------------------------------------------------------------------
[ERROR] Failed to execute goal org.apache.maven.plugins:maven-surefire-plugin:3.6.0-M1:test (default-test) on project VMS: There are test failures.
[ERROR] 
[ERROR] See E:\C\VMS\target\surefire-reports for the individual test results.
[ERROR] See dump files (if any exist) [date].dump, [date]-jvmRun[N].dump and [date].dumpstream.
[ERROR] -> [Help 1]
[ERROR] 
[ERROR] To see the full stack trace of the errors, re-run Maven with the -e switch.
[ERROR] Re-run Maven using the -X switch to enable full debug logging.
[ERROR] 
[ERROR] For more information about the errors and possible solutions, please read the following articles:
[ERROR] [Help 1] http://cwiki.apache.org/confluence/display/MAVEN/MojoFailureException
